// Jest Snapshot v1, https://goo.gl/fbAQLP

exports[`SampleComponent.tsx component match to snapshot 1`] = `
<div>
  <div
    class="css-0"
  >
    <button
      class="chakra-button css-0"
      type="button"
    >
      Test Button
    </button>
  </div>
</div>
`;
